###############################################################################
#
# IAR ELF Linker V8.50.9.278/W32 for ARM                  12/Mar/2021  23:55:44
# Copyright 2007-2020 IAR Systems AB.
#
#    Output file  =
#        C:\Users\Eojwo\Desktop\Skola\År 2\Computer Systems Engineering
#        2\Debug\Exe\rmtk.out
#    Map file     =
#        C:\Users\Eojwo\Desktop\Skola\År 2\Computer Systems Engineering
#        2\Debug\List\rmtk.map
#    Command line =
#        -f C:\Users\Eojwo\AppData\Local\Temp\EW1E9.tmp
#        ("C:\Users\Eojwo\Desktop\Skola\År 2\Computer Systems Engineering
#        2\Debug\Obj\context_switching_functions_march_2019.o"
#        "C:\Users\Eojwo\Desktop\Skola\År 2\Computer Systems Engineering
#        2\Debug\Obj\cstartup.o" "C:\Users\Eojwo\Desktop\Skola\År 2\Computer
#        Systems Engineering 2\Debug\Obj\exceptions.o"
#        "C:\Users\Eojwo\Desktop\Skola\År 2\Computer Systems Engineering
#        2\Debug\Obj\extra_functions.o" "C:\Users\Eojwo\Desktop\Skola\År
#        2\Computer Systems Engineering
#        2\Debug\Obj\inter_process_communication.o"
#        "C:\Users\Eojwo\Desktop\Skola\År 2\Computer Systems Engineering
#        2\Debug\Obj\kernel_functions.o" "C:\Users\Eojwo\Desktop\Skola\År
#        2\Computer Systems Engineering 2\Debug\Obj\main.o"
#        "C:\Users\Eojwo\Desktop\Skola\År 2\Computer Systems Engineering
#        2\Debug\Obj\startup_sam3x.o" "C:\Users\Eojwo\Desktop\Skola\År
#        2\Computer Systems Engineering 2\Debug\Obj\system_sam3x.o"
#        "C:\Users\Eojwo\Desktop\Skola\År 2\Computer Systems Engineering
#        2\Debug\Obj\timing_functions.o" --no_out_extension -o
#        "C:\Users\Eojwo\Desktop\Skola\År 2\Computer Systems Engineering
#        2\Debug\Exe\rmtk.out" --redirect _Printf=_PrintfFullNoMb --redirect
#        _Scanf=_ScanfFullNoMb --map "C:\Users\Eojwo\Desktop\Skola\År
#        2\Computer Systems Engineering 2\Debug\List\rmtk.map" --config
#        "C:\Users\Eojwo\Desktop\Skola\År 2\Computer Systems Engineering
#        2\sam3x8-sram_BigHeap.icf" --semihosting --entry __iar_program_start
#        --vfe --text_out locale)
#
###############################################################################

*******************************************************************************
*** RUNTIME MODEL ATTRIBUTES
***

CppFlavor       = *
__Heap_Handler  = Basic
__SystemLibrary = DLib
__dlib_version  = 6


*******************************************************************************
*** HEAP SELECTION
***

The basic heap was selected because some modules are built with
size limitations (and not runtime checking), and --advanced_heap
was not specified.


*******************************************************************************
*** PLACEMENT SUMMARY
***

"A0":  place at address 0x2007'0000 { ro section .intvec };
"P1":  place in [from 0x2007'0000 to 0x2008'7fff] { ro };
define block CSTACK with size = 2K, alignment = 8 { };
define block HEAP with size = 8K, alignment = 8 { };
"P2":  place in [from 0x2007'0000 to 0x2008'7fff] {
          rw, block CSTACK, block HEAP };
initialize by copy with packing = copy, complex ranges { rw };

  Section            Kind         Address    Size  Object
  -------            ----         -------    ----  ------
"A0":                                        0xf4
  .intvec                     0x2007'0000    0xf4  <Block>
    .intvec          const    0x2007'0000    0xf4  startup_sam3x.o [1]
                            - 0x2007'00f4    0xf4

"P1-P2", part 1 of 2:                       0xd20
  .text              ro code  0x2007'00f4   0x2a0  inter_process_communication.o [1]
  .text              ro code  0x2007'0394   0x170  heap0.o [2]
  .text              ro code  0x2007'0504   0x1c8  context_switching_functions_march_2019.o [1]
  .text              ro code  0x2007'06cc    0xa6  ABImemcpy.o [3]
  .text              ro code  0x2007'0772    0x2e  copy_init3.o [3]
  .text              ro code  0x2007'07a0    0x82  extra_functions.o [1]
  .text              ro code  0x2007'0822     0x4  heaptramp0.o [2]
  .text              ro code  0x2007'0826     0x2  exceptions.o [1]
  .text              ro code  0x2007'0828    0x2c  xgetmemchunk.o [2]
  .text              ro code  0x2007'0854    0x12  xxmemxmemzero.o [2]
  .text              ro code  0x2007'0868    0x8c  timing_functions.o [1]
  .text              ro code  0x2007'08f4   0x1c4  kernel_functions.o [1]
  .text              ro code  0x2007'0ab8   0x178  main.o [1]
  .text              ro code  0x2007'0c30    0xa0  system_sam3x.o [1]
  .text              ro code  0x2007'0cd0    0x30  startup_sam3x.o [1]
  .text              ro code  0x2007'0d00     0xc  cstartup.o [1]
  .text              ro code  0x2007'0d0c    0x1e  cmain.o [3]
  .text              ro code  0x2007'0d2c    0x28  data_init.o [3]
  .text              ro code  0x2007'0d54     0x4  exit.o [2]
  .text              ro code  0x2007'0d58     0xa  cexit.o [3]
  .text              ro code  0x2007'0d64    0x14  exit.o [4]
  .iar.init_table    const    0x2007'0d78    0x14  - Linker created -
  .rodata            const    0x2007'0d8c     0x0  copy_init3.o [3]
  P1-P2 s0                    0x2007'0d8c    0x44  <Init block>
    .bss             inited   0x2007'0d8c     0x8  heap0.o [2]
    .data            inited   0x2007'0d94     0x4  main.o [1]
    .data            inited   0x2007'0d98     0x4  main.o [1]
    .data            inited   0x2007'0d9c     0x4  main.o [1]
    .data            inited   0x2007'0da0     0x4  system_sam3x.o [1]
    .bss             inited   0x2007'0da4     0x4  kernel_functions.o [1]
    .bss             inited   0x2007'0da8     0x4  kernel_functions.o [1]
    .bss             inited   0x2007'0dac     0x4  kernel_functions.o [1]
    .bss             inited   0x2007'0db0     0x4  kernel_functions.o [1]
    .bss             inited   0x2007'0db4     0x4  kernel_functions.o [1]
    .bss             inited   0x2007'0db8     0x4  kernel_functions.o [1]
    .bss             inited   0x2007'0dbc     0x4  kernel_functions.o [1]
    .bss             inited   0x2007'0dc0     0x4  main.o [1]
    .bss             inited   0x2007'0dc4     0x4  main.o [1]
    .bss             inited   0x2007'0dc8     0x4  main.o [1]
    .bss             inited   0x2007'0dcc     0x4  xgetmemchunk.o [2]
  Initializer bytes  const    0x2007'0dd0    0x44  <for P1-P2 s0>
                            - 0x2007'0e14   0xd20

"P1-P2", part 2 of 2:                      0x2800
  CSTACK                      0x2007'0e18   0x800  <Block>
    CSTACK           uninit   0x2007'0e18   0x800  <Block tail>
  HEAP                        0x2007'1618  0x2000  <Block>
    HEAP             uninit   0x2007'1618  0x2000  <Block tail>
                            - 0x2007'3618  0x2800

Unused ranges:

         From           To      Size
         ----           --      ----
  0x2007'0e14  0x2007'0e17       0x4
  0x2007'3618  0x2008'7fff  0x1'49e8


*******************************************************************************
*** INIT TABLE
***

          Address      Size
          -------      ----
Copy (__iar_copy_init3)
    1 source range, total size 0x44:
          0x2007'0dd0  0x44
    1 destination range, total size 0x44:
          0x2007'0d8c  0x44



*******************************************************************************
*** MODULE SUMMARY
***

    Module                                    ro code  ro data  rw data
    ------                                    -------  -------  -------
command line/config:
    -------------------------------------------------------------------
    Total:

C:\Users\Eojwo\Desktop\Skola\År 2\Computer Systems Engineering 2\Debug\Obj: [1]
    context_switching_functions_march_2019.o      456
    cstartup.o                                     12
    exceptions.o                                    2
    extra_functions.o                             130
    inter_process_communication.o                 672
    kernel_functions.o                            452       28       28
    main.o                                        376       24       24
    startup_sam3x.o                                48      244
    system_sam3x.o                                160        4        4
    timing_functions.o                            140
    -------------------------------------------------------------------
    Total:                                      2'448      300       56

dl7M_tln.a: [2]
    exit.o                                          4
    heap0.o                                       368        8        8
    heaptramp0.o                                    4
    xgetmemchunk.o                                 44        4        4
    xxmemxmemzero.o                                18
    -------------------------------------------------------------------
    Total:                                        438       12       12

rt7M_tl.a: [3]
    ABImemcpy.o                                   166
    cexit.o                                        10
    cmain.o                                        30
    copy_init3.o                                   46
    data_init.o                                    40
    -------------------------------------------------------------------
    Total:                                        292

shb_l.a: [4]
    exit.o                                         20
    -------------------------------------------------------------------
    Total:                                         20

    Gaps                                            6
    Linker created                                          20   10'240
-----------------------------------------------------------------------
    Grand Total:                                3'204      332   10'308


*******************************************************************************
*** ENTRY LIST
***

Entry                       Address   Size  Type      Object
-----                       -------   ----  ----      ------
.iar.init_table$$Base   0x2007'0d78          --   Gb  - Linker created -
.iar.init_table$$Limit  0x2007'0d8c          --   Gb  - Linker created -
.intvec$$Base           0x2007'0000          --   Gb  - Linker created -
.intvec$$Limit          0x2007'00f4          --   Gb  - Linker created -
?main                   0x2007'0d0d         Code  Gb  cmain.o [3]
ADC_Handler             0x2007'0827    0x2  Code  Wk  exceptions.o [1]
Aldata                  0x2007'0d8c    0x8  Data  Lc  heap0.o [2]
BusFault_Handler        0x2007'0827    0x2  Code  Wk  exceptions.o [1]
CAN0_Handler            0x2007'0827    0x2  Code  Wk  exceptions.o [1]
CAN1_Handler            0x2007'0827    0x2  Code  Wk  exceptions.o [1]
CSTACK$$Base            0x2007'0e18          --   Gb  - Linker created -
CSTACK$$Limit           0x2007'1618          --   Gb  - Linker created -
DACC_Handler            0x2007'0827    0x2  Code  Wk  exceptions.o [1]
DMAC_Handler            0x2007'0827    0x2  Code  Wk  exceptions.o [1]
DebugMon_Handler        0x2007'0827    0x2  Code  Wk  exceptions.o [1]
Dummy_Handler           0x2007'0827    0x2  Code  Gb  exceptions.o [1]
EFC0_Handler            0x2007'0827    0x2  Code  Wk  exceptions.o [1]
EFC1_Handler            0x2007'0827    0x2  Code  Wk  exceptions.o [1]
HEAP$$Base              0x2007'1618          --   Gb  - Linker created -
HEAP$$Limit             0x2007'3618          --   Gb  - Linker created -
HSMCI_Handler           0x2007'0827    0x2  Code  Wk  exceptions.o [1]
HardFault_Handler       0x2007'0827    0x2  Code  Wk  exceptions.o [1]
KernelMode              0x2007'0da8    0x4  Data  Gb  kernel_functions.o [1]
LoadContext_In_Run      0x2007'062d         Code  Gb  context_switching_functions_march_2019.o [1]
LoadContext_In_Terminate
                        0x2007'061f         Code  Gb  context_switching_functions_march_2019.o [1]
MemManage_Handler       0x2007'0827    0x2  Code  Wk  exceptions.o [1]
NMI_Handler             0x2007'0827    0x2  Code  Wk  exceptions.o [1]
NVIC_SetPriority        0x2007'0ab9   0x24  Code  Lc  main.o [1]
NextTask                0x2007'0db0    0x4  Data  Gb  kernel_functions.o [1]
PIOA_Handler            0x2007'0827    0x2  Code  Wk  exceptions.o [1]
PIOB_Handler            0x2007'0827    0x2  Code  Wk  exceptions.o [1]
PIOC_Handler            0x2007'0827    0x2  Code  Wk  exceptions.o [1]
PIOD_Handler            0x2007'0827    0x2  Code  Wk  exceptions.o [1]
PMC_Handler             0x2007'0827    0x2  Code  Wk  exceptions.o [1]
PWM_Handler             0x2007'0827    0x2  Code  Wk  exceptions.o [1]
PendSV_Handler          0x2007'0827    0x2  Code  Wk  exceptions.o [1]
PreviousTask            0x2007'0dac    0x4  Data  Gb  kernel_functions.o [1]
RSTC_Handler            0x2007'0827    0x2  Code  Wk  exceptions.o [1]
RTC_Handler             0x2007'0827    0x2  Code  Wk  exceptions.o [1]
RTT_Handler             0x2007'0827    0x2  Code  Wk  exceptions.o [1]
ReadyList               0x2007'0db4    0x4  Data  Gb  kernel_functions.o [1]
Region$$Table$$Base     0x2007'0d78          --   Gb  - Linker created -
Region$$Table$$Limit    0x2007'0d8c          --   Gb  - Linker created -
Reset_Handler           0x2007'0cf9    0x8  Code  Gb  startup_sam3x.o [1]
SPI0_Handler            0x2007'0827    0x2  Code  Wk  exceptions.o [1]
SSC_Handler             0x2007'0827    0x2  Code  Wk  exceptions.o [1]
SUPC_Handler            0x2007'0827    0x2  Code  Wk  exceptions.o [1]
SVC_Handler             0x2007'0555         Code  Gb  context_switching_functions_march_2019.o [1]
SwitchContext           0x2007'0611         Code  Gb  context_switching_functions_march_2019.o [1]
SysTick_Config          0x2007'0add   0x30  Code  Lc  main.o [1]
SysTick_Handler         0x2007'0505         Code  Gb  context_switching_functions_march_2019.o [1]
SystemCoreClock         0x2007'0da0    0x4  Data  Gb  system_sam3x.o [1]
SystemInit              0x2007'0c31   0x70  Code  Gb  system_sam3x.o [1]
TC0_Handler             0x2007'0827    0x2  Code  Wk  exceptions.o [1]
TC1_Handler             0x2007'0827    0x2  Code  Wk  exceptions.o [1]
TC2_Handler             0x2007'0827    0x2  Code  Wk  exceptions.o [1]
TC3_Handler             0x2007'0827    0x2  Code  Wk  exceptions.o [1]
TC4_Handler             0x2007'0827    0x2  Code  Wk  exceptions.o [1]
TC5_Handler             0x2007'0827    0x2  Code  Wk  exceptions.o [1]
TRNG_Handler            0x2007'0827    0x2  Code  Wk  exceptions.o [1]
TWI0_Handler            0x2007'0827    0x2  Code  Wk  exceptions.o [1]
TWI1_Handler            0x2007'0827    0x2  Code  Wk  exceptions.o [1]
Ticks                   0x2007'0da4    0x4  Data  Gb  kernel_functions.o [1]
TimerInt                0x2007'0875   0x6e  Code  Gb  timing_functions.o [1]
TimerList               0x2007'0dbc    0x4  Data  Gb  kernel_functions.o [1]
UART_Handler            0x2007'0827    0x2  Code  Wk  exceptions.o [1]
UOTGHS_Handler          0x2007'0827    0x2  Code  Wk  exceptions.o [1]
USART0_Handler          0x2007'0827    0x2  Code  Wk  exceptions.o [1]
USART1_Handler          0x2007'0827    0x2  Code  Wk  exceptions.o [1]
USART2_Handler          0x2007'0827    0x2  Code  Wk  exceptions.o [1]
UsageFault_Handler      0x2007'0827    0x2  Code  Wk  exceptions.o [1]
WDT_Handler             0x2007'0827    0x2  Code  Wk  exceptions.o [1]
WaitingList             0x2007'0db8    0x4  Data  Gb  kernel_functions.o [1]
__aeabi_memcpy          0x2007'06cd         Code  Gb  ABImemcpy.o [3]
__aeabi_memcpy4         0x2007'06ed         Code  Gb  ABImemcpy.o [3]
__aeabi_memcpy8         0x2007'06ed         Code  Gb  ABImemcpy.o [3]
__basic_calloc          0x2007'04cb   0x36  Code  Gb  heap0.o [2]
__basic_free            0x2007'0441   0x16  Code  Gb  heap0.o [2]
__basic_free_intern     0x2007'0457   0x74  Code  Lc  heap0.o [2]
__basic_malloc          0x2007'0395   0x18  Code  Gb  heap0.o [2]
__basic_malloc_intern   0x2007'03ad   0x94  Code  Lc  heap0.o [2]
__cmain                 0x2007'0d0d         Code  Gb  cmain.o [3]
__data_GetMemChunk      0x2007'0829   0x2c  Code  Gb  xgetmemchunk.o [2]
__data_GetMemChunk::start
                        0x2007'0dcc    0x4  Data  Lc  xgetmemchunk.o [2]
__data_memzero          0x2007'0855   0x12  Code  Gb  xxmemxmemzero.o [2]
__exit                  0x2007'0d65   0x14  Code  Gb  exit.o [4]
__iar_copy_init3        0x2007'0773   0x2e  Code  Gb  copy_init3.o [3]
__iar_data_init3        0x2007'0d2d   0x28  Code  Gb  data_init.o [3]
__iar_program_start     0x2007'0d01         Code  Gb  cstartup.o [1]
__low_level_init        0x2007'0cd1   0x20  Code  Gb  startup_sam3x.o [1]
__region_NFC_RAM_end__ {Abs}
                        0x2010'0fff         Data  Gb  <internal module>
__region_NFC_RAM_start__ {Abs}
                        0x2010'0000         Data  Gb  <internal module>
__region_RAM0_end__ {Abs}
                        0x2000'ffff         Data  Gb  <internal module>
__region_RAM0_size__ {Abs}
                           0x1'0000         Data  Gb  <internal module>
__region_RAM0_start__ {Abs}
                        0x2000'0000         Data  Gb  <internal module>
__region_RAM1_end__ {Abs}
                        0x2008'7fff         Data  Gb  <internal module>
__region_RAM1_size__ {Abs}
                             0x8000         Data  Gb  <internal module>
__region_RAM1_start__ {Abs}
                        0x2008'0000         Data  Gb  <internal module>
__region_RAM_end__ {Abs}
                        0x2008'7fff         Data  Gb  <internal module>
__region_RAM_size__ {Abs}
                           0x1'8000         Data  Gb  <internal module>
__region_RAM_start__ {Abs}
                        0x2007'0000         Data  Gb  <internal module>
__vector_table          0x2007'0000   0xf4  Data  Gb  startup_sam3x.o [1]
_call_main              0x2007'0d19         Code  Gb  cmain.o [3]
_exit                   0x2007'0d59         Code  Gb  cexit.o [3]
_main                   0x2007'0d23         Code  Gb  cmain.o [3]
charMbox                0x2007'0dc0    0x4  Data  Gb  main.o [1]
create_mailbox          0x2007'00f5   0x4e  Code  Gb  inter_process_communication.o [1]
create_task             0x2007'09c3   0xdc  Code  Gb  kernel_functions.o [1]
exit                    0x2007'0d55    0x4  Code  Gb  exit.o [2]
extract                 0x2007'08f5   0x1e  Code  Gb  kernel_functions.o [1]
free                    0x2007'0823    0x4  Code  Gb  heaptramp0.o [2]
high_deadline           0x2007'0d9c    0x4  Data  Gb  main.o [1]
idle_task               0x2007'0963    0x2  Code  Gb  kernel_functions.o [1]
init_kernel             0x2007'0965   0x5e  Code  Gb  kernel_functions.o [1]
insert_into_list        0x2007'07a1   0x68  Code  Gb  extra_functions.o [1]
intMbox                 0x2007'0dc4    0x4  Data  Gb  main.o [1]
isr_off                 0x2007'06af         Code  Gb  context_switching_functions_march_2019.o [1]
isr_on                  0x2007'06a5         Code  Gb  context_switching_functions_march_2019.o [1]
kernel                  0x2007'0d94    0x4  Data  Gb  main.o [1]
low_deadline            0x2007'0d98    0x4  Data  Gb  main.o [1]
main                    0x2007'0b3b   0xac  Code  Gb  main.o [1]
receive_wait            0x2007'025d  0x122  Code  Gb  inter_process_communication.o [1]
remove_from_list        0x2007'080d   0x16  Code  Gb  extra_functions.o [1]
run                     0x2007'0943   0x20  Code  Gb  kernel_functions.o [1]
send_wait               0x2007'0143  0x11a  Code  Gb  inter_process_communication.o [1]
set_ticks               0x2007'0869    0x6  Code  Gb  timing_functions.o [1]
switch_to_stack_of_next_task
                        0x2007'0691         Code  Gb  context_switching_functions_march_2019.o [1]
task1                   0x2007'0b0d   0x16  Code  Gb  main.o [1]
task2                   0x2007'0b23   0x18  Code  Gb  main.o [1]
terminate               0x2007'0913   0x30  Code  Gb  kernel_functions.o [1]
ticks                   0x2007'086f    0x6  Code  Gb  timing_functions.o [1]
unsignedintMbox         0x2007'0dc8    0x4  Data  Gb  main.o [1]


[1] = C:\Users\Eojwo\Desktop\Skola\År 2\Computer Systems Engineering 2\Debug\Obj
[2] = dl7M_tln.a
[3] = rt7M_tl.a
[4] = shb_l.a

   3'204 bytes of readonly  code memory
     332 bytes of readonly  data memory
  10'308 bytes of readwrite data memory

Errors: none
Warnings: none
